Microchip MPLAB XC8 Compiler V2.10 ()

Linker command line:

\
  --edf=C:\Program Files (x86)\CCompiler\Compiler\datav2.10\pic\dat\en_msgs.txt \
  -cs -h+touchlib_6017.sym --cmf=touchlib_6017.cmf -z -Q18F62F0GX \
  -oC:\Users\123\AppData\Local\Temp\sgvg.2 -Mtouchlib_6017.map -E1 -ver=XC8 \
  -ASTACK=02D8h-07FFh -pstack=STACK -ACODE=00h-07FFFh -ACONST=00h-07FFFh \
  -ASMALLCONST=0800h-08FFhx120 -AMEDIUMCONST=0800h-07FFFh -ACOMRAM=01h-05Fh \
  -AABS1=00h-07FFh -ABIGRAM=01h-07FFh -ARAM=060h-0FFh,0100h-01FFhx7 \
  -ABANK0=060h-0FFh -ABANK1=0100h-01FFh -ABANK2=0200h-02FFh \
  -ABANK3=0300h-03FFh -ABANK4=0400h-04FFh -ABANK5=0500h-05FFh \
  -ABANK6=0600h-06FFh -ABANK7=0700h-07FFh -ASFR=0E00h-0EFFhx2 \
  -preset_vec=00h,intcode=08h,intcodelo=018h,powerup,init -pramtop=0800h \
  -psmallconst=SMALLCONST -pmediumconst=MEDIUMCONST -pconst=CONST \
  -AFARRAM=00h-00h -ACONFIG=0300000h-030000Dh -pconfig=CONFIG \
  -AIDLOC=0200000h-0200007h -pidloc=IDLOC -AEEDATA=0F00000h-0F000FFh \
  -peeprom_data=EEDATA \
  -prdata=COMRAM,nvrram=COMRAM,nvbit=COMRAM,rbss=COMRAM,rbit=COMRAM \
  -pfarbss=FARRAM,fardata=FARRAM,nvFARRAM=FARRAM \
  -pintsave_regs=BIGRAM,bigbss=BIGRAM,bigdata=BIGRAM -pbss=RAM \
  -pidata=CODE,irdata=CODE,ibigdata=CODE,ifardata=CODE -prparam=COMRAM \
  C:\Users\123\AppData\Local\Temp\sgvg.obj touchlib_6017.obj 

Object code version is 3.11

Machine type is 18F62F0GX

Call graph: (short form)




                Name                               Link     Load   Length Selector   Space Scale
C:\Users\123\AppData\Local\Temp\sgvg.obj
                init                                 26       26        4        C       0
                reset_vec                             0        0        4        0       0
touchlib_6017.obj
                intcodelo                            18       18        E        C       0
                intcode                               8        8        6        4       0
                temp                                 55       55        1        1       1
                mediumconst                        7EA0     7EA0      160     3F50       0
                text149                            5BBE     5BBE       2A        C       0
                text148                            5A58     5A58       34        C       0
                text147                            1DF2     1DF2      266        C       0
                text146                            5B94     5B94       2A        C       0
                text145                            2D0A     2D0A      1B4        C       0
                text144                            5944     5944       3A        C       0
                intcode_body                       5C7E     5C7E       24        C       0
                text141                            5D7C     5D7C       1C        C       0
                text140                            590A     590A       3A        C       0
                text139                            5050     5050       56        C       0
                text138                            5F68     5F68        C        C       0
                text137                            472A     472A       9A        C       0
                text136                            5C5A     5C5A       24        C       0
                text135                            5D60     5D60       1C        C       0
                text134                            5742     5742       48        C       0
                text133                            5FAA     5FAA        2        C       0
                text132                            5E5E     5E5E       16        C       0
                text131                            5B14     5B14       2C        C       0
                text130                            5DE6     5DE6       1A        C       0
                text129                            4D6A     4D6A       66        C       0
                text128                            3BA2     3BA2      122        C       0
                text127                            5F38     5F38       12        C       0
                text126                            59EE     59EE       36        C       0
                text125                            4526     4526       AE        C       0
                text124                            59B6     59B6       38        C       0
                text123                            24F4     24F4      222        C       0
                text122                            5F00     5F00       14        C       0
                text121                            5EEC     5EEC       14        C       0
                text120                            539A     539A       54        C       0
                text119                            5346     5346       54        C       0
                text118                            52F2     52F2       54        C       0
                text117                            529E     529E       54        C       0
                text116                            524A     524A       54        C       0
                text115                            49EA     49EA       82        C       0
                text114                            4D04     4D04       66        C       0
                text113                            2716     2716      21C        C       0
                text112                            5ED8     5ED8       14        C       0
                text111                            5DCC     5DCC       1A        C       0
                text110                            5DB2     5DB2       1A        C       0
                text109                            5D98     5D98       1A        C       0
                text108                            51F6     51F6       54        C       0
                text107                            51A2     51A2       54        C       0
                text106                            514E     514E       54        C       0
                text105                            50FA     50FA       54        C       0
                text104                            4966     4966       84        C       0
                text103                            4BC8     4BC8       70        C       0
                text102                            1B4E     1B4E      2A4        C       0
                text101                            5BE8     5BE8       28        C       0
                text100                            2EBE     2EBE      19A        C       0
                text99                             50A6     50A6       54        C       0
                text98                             3936     3936      13A        C       0
                text97                             5492     5492       50        C       0
                text96                             55CC     55CC       4E        C       0
                text95                             5440     5440       52        C       0
                text94                             5814     5814       42        C       0
                text93                             5F26     5F26       12        C       0
                text92                             1866     1866      2E8        C       0
                text91                             5A24     5A24       34        C       0
                text90                             57D0     57D0       44        C       0
                text89                             4098     4098       CE        C       0
                text88                             2932     2932      21A        C       0
                text87                             2B4C     2B4C      1BE        C       0
                text86                             5EC4     5EC4       14        C       0
                text85                             5EB0     5EB0       14        C       0
                text84                             4FA2     4FA2       58        C       0
                text83                             557E     557E       4E        C       0
                text82                             3CC4     3CC4      110        C       0
                text81                             561A     561A       4C        C       0
                text80                              628      628      5CC        C       0
                text79                             2058     2058      260        C       0
                text78                             5D26     5D26       1E        C       0
                text77                             3DD4     3DD4       FE        C       0
                text76                             31F0     31F0      194        C       0
                text75                             5F7E     5F7E        A        C       0
                text74                             5E30     5E30       18        C       0
                text73                             53EE     53EE       52        C       0
                text72                             4C9E     4C9E       66        C       0
                text71                             5FA8     5FA8        2        C       0
                text70                             5FA6     5FA6        2        C       0
                text69                             5E9C     5E9C       14        C       0
                text68                             5E88     5E88       14        C       0
                text67                             5530     5530       4E        C       0
                text66                             4F4A     4F4A       58        C       0
                text65                             54E2     54E2       4E        C       0
                text64                             37E4     37E4      152        C       0
                text63                             5F14     5F14       12        C       0
                text62                             578A     578A       46        C       0
                text61                             5E18     5E18       18        C       0
                text60                             56FA     56FA       48        C       0
                text59                             5F74     5F74        A        C       0
                text58                             4E90     4E90       5E        C       0
                text57                             58D0     58D0       3A        C       0
                text56                             5E00     5E00       18        C       0
                text55                             47C4     47C4       96        C       0
                text54                             5D06     5D06       20        C       0
                text53                             5F9E     5F9E        4        C       0
                text52                             5F9A     5F9A        4        C       0
                text51                             4AE2     4AE2       76        C       0
                text50                             5ABA     5ABA       2E        C       0
                text49                             4166     4166       CC        C       0
                text48                             367E     367E      166        C       0
                text47                             5C36     5C36       24        C       0
                text46                             4FFA     4FFA       56        C       0
                text45                             5E74     5E74       14        C       0
                text44                             5A8C     5A8C       2E        C       0
                text43                             3A70     3A70      132        C       0
                text42                             5F5A     5F5A        E        C       0
                text41                             3058     3058      198        C       0
                text40                             5F4A     5F4A       10        C       0
                text39                             5C10     5C10       26        C       0
                text38                             48E0     48E0       86        C       0
                text37                             45D4     45D4       AC        C       0
                text36                              BF4      BF4      34E        C       0
                text35                             43B8     43B8       B8        C       0
                text34                             5CC4     5CC4       22        C       0
                text33                             42FA     42FA       BE        C       0
                text32                             4E32     4E32       5E        C       0
                text31                             5E48     5E48       16        C       0
                text30                             56B0     56B0       4A        C       0
                text29                             5B6A     5B6A       2A        C       0
                text28                             4DD0     4DD0       62        C       0
                text27                             5CA2     5CA2       22        C       0
                text26                             4C38     4C38       66        C       0
                text25                             22B8     22B8      23C        C       0
                text24                             5F94     5F94        6        C       0
                text23                             4232     4232       C8        C       0
                text22                             597E     597E       38        C       0
                text21                             3ED2     3ED2       F8        C       0
                text20                             5CE6     5CE6       20        C       0
                text19                             4EEE     4EEE       5C        C       0
                text18                             5D44     5D44       1C        C       0
                text17                             4470     4470       B6        C       0
                text16                             5F8E     5F8E        6        C       0
                text15                             5B40     5B40       2A        C       0
                text14                               2A       2A      5FE        C       0
                text13                             5F88     5F88        6        C       0
                text12                             3516     3516      168        C       0
                text11                             4680     4680       AA        C       0
                text10                             126A     126A      312        C       0
                text9                              157C     157C      2EA        C       0
                text8                              5666     5666       4A        C       0
                text7                              5896     5896       3A        C       0
                text6                              485A     485A       86        C       0
                text5                              4A6C     4A6C       76        C       0
                text4                               F42      F42      328        C       0
                text3                              3FCA     3FCA       CE        C       0
                text2                              5AE8     5AE8       2C        C       0
                text1                              5856     5856       40        C       0
                text0                              3384     3384      192        C       0
                cstackCOMRAM                          1        1       4A        1       1
                cstackBANK0                          CA       CA       33       60       1
                cstackBANK2                         2D4      2D4        4      200       1
                bssBANK2                            200      200       D4      200       1
                dataBANK1                           1FE      1FE        2      100       1
                bssBANK1                            100      100       FE      100       1
                dataBANK0                            FD       FD        2       60       1
                bssBANK0                             60       60       6A       60       1
                bssCOMRAM                            4B       4B        9        1       1
                bitbssCOMRAM                        2A0       54        2        1       1     8
                cinit                              4B58     4B58       70        C       0
                idataBANK1                         5FA4     5FA4        2        C       0
                idataBANK0                         5FA2     5FA2        2        C       0

TOTAL           Name                               Link     Load   Length     Space
        CLASS   STACK          

        CLASS   CODE           
                intcodelo                            18       18        E         0
                intcode                               8        8        6         0
                init                                 26       26        4         0
                reset_vec                             0        0        4         0
                text149                            5BBE     5BBE       2A         0
                text148                            5A58     5A58       34         0
                text147                            1DF2     1DF2      266         0
                text146                            5B94     5B94       2A         0
                text145                            2D0A     2D0A      1B4         0
                text144                            5944     5944       3A         0
                intcode_body                       5C7E     5C7E       24         0
                text141                            5D7C     5D7C       1C         0
                text140                            590A     590A       3A         0
                text139                            5050     5050       56         0
                text138                            5F68     5F68        C         0
                text137                            472A     472A       9A         0
                text136                            5C5A     5C5A       24         0
                text135                            5D60     5D60       1C         0
                text134                            5742     5742       48         0
                text133                            5FAA     5FAA        2         0
                text132                            5E5E     5E5E       16         0
                text131                            5B14     5B14       2C         0
                text130                            5DE6     5DE6       1A         0
                text129                            4D6A     4D6A       66         0
                text128                            3BA2     3BA2      122         0
                text127                            5F38     5F38       12         0
                text126                            59EE     59EE       36         0
                text125                            4526     4526       AE         0
                text124                            59B6     59B6       38         0
                text123                            24F4     24F4      222         0
                text122                            5F00     5F00       14         0
                text121                            5EEC     5EEC       14         0
                text120                            539A     539A       54         0
                text119                            5346     5346       54         0
                text118                            52F2     52F2       54         0
                text117                            529E     529E       54         0
                text116                            524A     524A       54         0
                text115                            49EA     49EA       82         0
                text114                            4D04     4D04       66         0
                text113                            2716     2716      21C         0
                text112                            5ED8     5ED8       14         0
                text111                            5DCC     5DCC       1A         0
                text110                            5DB2     5DB2       1A         0
                text109                            5D98     5D98       1A         0
                text108                            51F6     51F6       54         0
                text107                            51A2     51A2       54         0
                text106                            514E     514E       54         0
                text105                            50FA     50FA       54         0
                text104                            4966     4966       84         0
                text103                            4BC8     4BC8       70         0
                text102                            1B4E     1B4E      2A4         0
                text101                            5BE8     5BE8       28         0
                text100                            2EBE     2EBE      19A         0
                text99                             50A6     50A6       54         0
                text98                             3936     3936      13A         0
                text97                             5492     5492       50         0
                text96                             55CC     55CC       4E         0
                text95                             5440     5440       52         0
                text94                             5814     5814       42         0
                text93                             5F26     5F26       12         0
                text92                             1866     1866      2E8         0
                text91                             5A24     5A24       34         0
                text90                             57D0     57D0       44         0
                text89                             4098     4098       CE         0
                text88                             2932     2932      21A         0
                text87                             2B4C     2B4C      1BE         0
                text86                             5EC4     5EC4       14         0
                text85                             5EB0     5EB0       14         0
                text84                             4FA2     4FA2       58         0
                text83                             557E     557E       4E         0
                text82                             3CC4     3CC4      110         0
                text81                             561A     561A       4C         0
                text80                              628      628      5CC         0
                text79                             2058     2058      260         0
                text78                             5D26     5D26       1E         0
                text77                             3DD4     3DD4       FE         0
                text76                             31F0     31F0      194         0
                text75                             5F7E     5F7E        A         0
                text74                             5E30     5E30       18         0
                text73                             53EE     53EE       52         0
                text72                             4C9E     4C9E       66         0
                text71                             5FA8     5FA8        2         0
                text70                             5FA6     5FA6        2         0
                text69                             5E9C     5E9C       14         0
                text68                             5E88     5E88       14         0
                text67                             5530     5530       4E         0
                text66                             4F4A     4F4A       58         0
                text65                             54E2     54E2       4E         0
                text64                             37E4     37E4      152         0
                text63                             5F14     5F14       12         0
                text62                             578A     578A       46         0
                text61                             5E18     5E18       18         0
                text60                             56FA     56FA       48         0
                text59                             5F74     5F74        A         0
                text58                             4E90     4E90       5E         0
                text57                             58D0     58D0       3A         0
                text56                             5E00     5E00       18         0
                text55                             47C4     47C4       96         0
                text54                             5D06     5D06       20         0
                text53                             5F9E     5F9E        4         0
                text52                             5F9A     5F9A        4         0
                text51                             4AE2     4AE2       76         0
                text50                             5ABA     5ABA       2E         0
                text49                             4166     4166       CC         0
                text48                             367E     367E      166         0
                text47                             5C36     5C36       24         0
                text46                             4FFA     4FFA       56         0
                text45                             5E74     5E74       14         0
                text44                             5A8C     5A8C       2E         0
                text43                             3A70     3A70      132         0
                text42                             5F5A     5F5A        E         0
                text41                             3058     3058      198         0
                text40                             5F4A     5F4A       10         0
                text39                             5C10     5C10       26         0
                text38                             48E0     48E0       86         0
                text37                             45D4     45D4       AC         0
                text36                              BF4      BF4      34E         0
                text35                             43B8     43B8       B8         0
                text34                             5CC4     5CC4       22         0
                text33                             42FA     42FA       BE         0
                text32                             4E32     4E32       5E         0
                text31                             5E48     5E48       16         0
                text30                             56B0     56B0       4A         0
                text29                             5B6A     5B6A       2A         0
                text28                             4DD0     4DD0       62         0
                text27                             5CA2     5CA2       22         0
                text26                             4C38     4C38       66         0
                text25                             22B8     22B8      23C         0
                text24                             5F94     5F94        6         0
                text23                             4232     4232       C8         0
                text22                             597E     597E       38         0
                text21                             3ED2     3ED2       F8         0
                text20                             5CE6     5CE6       20         0
                text19                             4EEE     4EEE       5C         0
                text18                             5D44     5D44       1C         0
                text17                             4470     4470       B6         0
                text16                             5F8E     5F8E        6         0
                text15                             5B40     5B40       2A         0
                text14                               2A       2A      5FE         0
                text13                             5F88     5F88        6         0
                text12                             3516     3516      168         0
                text11                             4680     4680       AA         0
                text10                             126A     126A      312         0
                text9                              157C     157C      2EA         0
                text8                              5666     5666       4A         0
                text7                              5896     5896       3A         0
                text6                              485A     485A       86         0
                text5                              4A6C     4A6C       76         0
                text4                               F42      F42      328         0
                text3                              3FCA     3FCA       CE         0
                text2                              5AE8     5AE8       2C         0
                text1                              5856     5856       40         0
                text0                              3384     3384      192         0
                cinit                              4B58     4B58       70         0
                idataBANK1                         5FA4     5FA4        2         0
                idataBANK0                         5FA2     5FA2        2         0

        CLASS   CONST          

        CLASS   SMALLCONST     

        CLASS   MEDIUMCONST    
                mediumconst                        7EA0     7EA0      160         0

        CLASS   COMRAM         
                temp                                 55       55        1         1
                cstackCOMRAM                          1        1       4A         1
                bssCOMRAM                            4B       4B        9         1
                bitbssCOMRAM                        2A0       54        2         1

        CLASS   ABS1           

        CLASS   BIGRAM         

        CLASS   RAM            

        CLASS   BANK0          
                cstackBANK0                          CA       CA       33         1
                dataBANK0                            FD       FD        2         1
                bssBANK0                             60       60       6A         1

        CLASS   BANK1          
                dataBANK1                           1FE      1FE        2         1
                bssBANK1                            100      100       FE         1

        CLASS   BANK2          
                cstackBANK2                         2D4      2D4        4         1
                bssBANK2                            200      200       D4         1

        CLASS   BANK3          

        CLASS   BANK4          

        CLASS   BANK5          

        CLASS   BANK6          

        CLASS   BANK7          

        CLASS   SFR            

        CLASS   FARRAM         

        CLASS   CONFIG         

        CLASS   IDLOC          

        CLASS   EEDATA         



SEGMENTS        Name                           Load    Length   Top    Selector   Space  Class

                reset_vec                      000000  000004  000004         0       0  CODE    
                cstackCOMRAM                   000001  000055  000056         1       1  COMRAM  
                intcode                        000008  000006  00000E         4       0  CODE    
                intcodelo                      000018  005F94  005FAC         C       0  CODE    
                bssBANK0                       000060  00009F  0000FF        60       1  BANK0   
                bssBANK1                       000100  000100  000200       100       1  BANK1   
                bssBANK2                       000200  0000D8  0002D8       200       1  BANK2   
                mediumconst                    007EA0  000160  008000      3F50       0  MEDIUMCO


UNUSED ADDRESS RANGES

        Name                Unused          Largest block    Delta
        BANK0            00FF-00FF              1
        BANK2            02D8-02FF             28
        BANK3            0300-03FF            100
        BANK4            0400-04FF            100
        BANK5            0500-05FF            100
        BANK6            0600-06FF            100
        BANK7            0700-07FF            100
        BIGRAM           0056-005F              A
                         00FF-00FF              1
                         02D8-07FF            528
        CODE             0004-0007              4
                         000E-0017              A
                         5FAC-7E9F           1EF4
        COMRAM           0056-005F              A
        CONFIG           300000-30000D              E
        CONST            0004-0007              4
                         000E-0017              A
                         5FAC-7E9F           1EF4
        EEDATA           F00000-F000FF            100
        IDLOC            200000-200007              8
        MEDIUMCONST      5FAC-7E9F           1EF4
        RAM              00FF-00FF              1
                         02D8-07FF            100
        SFR              0E00-0FFF            100
        SMALLCONST       5FAC-7E9F            100
        STACK            02D8-07FF            528

                                  Symbol Table

?_Get_EC11_Count                                 cstackCOMRAM 000A
?_Get_Engineering_KeyValue                       cstackCOMRAM 002E
?_IR_KeyReadCtr                                  cstackCOMRAM 000A
?_TouchKeyValue                                  cstackCOMRAM 000A
?___aldiv                                        cstackCOMRAM 000A
?___almod                                        cstackCOMRAM 000A
?___awdiv                                        cstackCOMRAM 0010
?___awmod                                        cstackCOMRAM 000A
?___awtoft                                       cstackCOMRAM 0012
?___ftpack                                       cstackCOMRAM 000A
?___lldiv                                        cstackCOMRAM 0013
?___llmod                                        cstackCOMRAM 000A
?___lwdiv                                        cstackCOMRAM 000F
?___lwmod                                        cstackCOMRAM 000A
?__doprnt                                        cstackCOMRAM 0016
?_findElementIndex                               cstackCOMRAM 000A
?_isElementInStack                               cstackCOMRAM 000A
?_isEmpty                                        cstackCOMRAM 000A
?_isFull                                         cstackCOMRAM 000A
?_peek                                           cstackCOMRAM 000E
?_printf                                         cstackCOMRAM 0022
?_sprintf                                        cstackCOMRAM 0022
?_strcmp                                         cstackCOMRAM 000A
Alarm_Sound@mode                                 cstackCOMRAM 0015
BeepCtr1@i                                       bssBANK0     0093
BeepCtr1@value                                   cstackCOMRAM 0010
BeepCtr2@i                                       bssBANK1     01C4
BeepCtr2@value                                   cstackCOMRAM 000B
BeepEnable@enable                                cstackCOMRAM 000A
CheckSum_Calculate2@accumulate                   cstackCOMRAM 0011
CheckSum_Calculate2@checksum                     cstackCOMRAM 0015
CheckSum_Calculate2@data0                        cstackCOMRAM 000A
CheckSum_Calculate2@i                            cstackCOMRAM 0016
CheckSum_Calculate2@length                       cstackCOMRAM 000C
Cmd_Process@sum                                  cstackCOMRAM 001E
Cmd_Send@send_FlowSet                            bssBANK0     0091
Concentration_Low_Alarm@count                    bssBANK0     008B
Concentration_Low_Alarm@last_syssta              bssBANK1     01BA
Delay10Us@i                                      cstackCOMRAM 000A
DelayMs@Time                                     cstackCOMRAM 000B
DelayMs@a                                        cstackCOMRAM 000D
DelayMs@b                                        cstackCOMRAM 000F
Display@count                                    dataBANK1    01FE
Display@count2                                   bssBANK2     0282
Display_Concentration@mode                       cstackCOMRAM 0018
Display_Concentration@sum                        cstackCOMRAM 0016
Display_CumulativeTime@enable                    cstackCOMRAM 0027
Display_CumulativeTime@mode                      cstackCOMRAM 0026
Display_CumulativeTime@sum                       cstackCOMRAM 0022
Display_FilterMesh@sta                           cstackCOMRAM 0011
Display_Flow@enable                              cstackCOMRAM 0019
Display_Flow@mode                                cstackCOMRAM 0018
Display_Flow@sum                                 cstackCOMRAM 0016
Display_Line@sta                                 cstackCOMRAM 000A
Display_SysSta@sta                               cstackCOMRAM 000A
Display_Timing@enable                            cstackCOMRAM 0025
Display_Timing@hour                              cstackCOMRAM 0026
Display_Timing@minute                            cstackCOMRAM 0028
Display_Timing@mode                              cstackCOMRAM 0024
Display_Timing@sum                               cstackCOMRAM 0020
Display_Voice@sta                                cstackCOMRAM 000A
Display_hour@sta                                 cstackCOMRAM 000A
E2prom_ReadData@dat                              cstackCOMRAM 0010
E2prom_ReadData@i                                cstackCOMRAM 0042
E2prom_WriteData@dat                             cstackBANK0  00CA
E2prom_WriteData@i                               cstackBANK0  00FC
EC11_Set_Value@EncoderCount                      cstackCOMRAM 000E
EEPROMread@EEAddr                                cstackCOMRAM 000A
EEPROMread@ReEEPROMread                          cstackCOMRAM 000B
EEPROMwrite@Data                                 cstackCOMRAM 000A
EEPROMwrite@EEAddr                               cstackCOMRAM 000B
ERR_Code@count1                                  bssBANK1     01B8
ERR_Code@count2                                  bssBANK1     01B6
ERR_Code@count3                                  bssBANK1     01B4
ERR_Code@init_stack                              bssBANK0     00AE
Engineering_Adjust_JYTime@i                      bssBANK1     01AA
Engineering_Adjust_JYTime@j                      bssBANK1     01A8
Engineering_Adjust_PDTime@i                      bssBANK1     01AE
Engineering_Adjust_PDTime@j                      bssBANK1     01AC
Engineering_Flow_Compensation@Adjust_Flow_100    bssBANK1     019E
Engineering_Flow_Compensation@Adjust_Flow_20     bssBANK1     01A2
Engineering_Flow_Compensation@Adjust_Flow_50     bssBANK1     01A0
Engineering_Flow_Compensation@count              dataBANK0    00FD
Engineering_Flow_Compensation@i                  bssBANK1     019C
Engineering_Flow_Compensation@j                  bssBANK1     019A
Engineering_Flow_Compensation_display1@a         cstackCOMRAM 000A
Engineering_Timeout_Logic@Mode_Status            cstackCOMRAM 0012
Engineering_Voltage_Calibration@i                bssBANK1     01A6
Engineering_Voltage_Calibration@j                bssBANK1     01A4
ErrorCtr@i                                       cstackCOMRAM 0049
ErrorCtr@j                                       cstackCOMRAM 0047
ErrorCtr@k                                       bssBANK0     00AD
GetLocalCount@temp                               cstackCOMRAM 000A
Get_EC11_Count@ret                               cstackCOMRAM 000C
Get_Engineering_KeyValue@IRData_HexString        cstackCOMRAM 0030
Get_Engineering_KeyValue@ret                     cstackCOMRAM 0044
Goto_Engineering_Mode@i                          bssBANK0     0083
HardDiv@ptr_mdivs                                cstackCOMRAM 000A
HardDiv@ptr_midres                               cstackCOMRAM 000C
IR_KeyReadCtr@ret                                cstackCOMRAM 0010
Label_AddUp@sta                                  cstackCOMRAM 000A
Label_CloseAlarm@sta                             cstackCOMRAM 000B
Label_CloseAlarm@status                          cstackCOMRAM 000A
Label_Concentration@sta                          cstackCOMRAM 000A
Label_Flow@sta                                   cstackCOMRAM 000A
Label_L_min@sta                                  cstackCOMRAM 000A
Label_Min@enable                                 cstackCOMRAM 000A
Label_Min@sta                                    cstackCOMRAM 000B
Label_Percent@sta                                cstackCOMRAM 000A
Label_Running@enable                             cstackCOMRAM 000A
Label_Running@sta                                cstackCOMRAM 000B
Label_Timing@enable                              cstackCOMRAM 000A
Label_Timing@sta                                 cstackCOMRAM 000B
Label_h@sta                                      cstackCOMRAM 000A
Nop1629@T_Dly                                    cstackCOMRAM 000A
PlaySound@data                                   cstackCOMRAM 000F
PlaySound@i                                      cstackCOMRAM 0010
SEG10@dat                                        cstackCOMRAM 000A
SEG11@dat                                        cstackCOMRAM 000A
SEG12@dat                                        cstackCOMRAM 000A
SEG13@dat                                        cstackCOMRAM 000A
SEG14@dat                                        cstackCOMRAM 000A
SEG1@dat                                         cstackCOMRAM 0021
SEG1@enable                                      cstackCOMRAM 0020
SEG2@dat                                         cstackCOMRAM 0021
SEG2@enable                                      cstackCOMRAM 0020
SEG3@dat                                         cstackCOMRAM 0021
SEG3@enable                                      cstackCOMRAM 0020
SEG4@dat                                         cstackCOMRAM 0021
SEG4@enable                                      cstackCOMRAM 0020
SEG5@dat                                         cstackCOMRAM 0014
SEG5@enable                                      cstackCOMRAM 0013
SEG6@dat                                         cstackCOMRAM 0019
SEG6@enable                                      cstackCOMRAM 0018
SEG7@dat                                         cstackCOMRAM 0019
SEG7@enable                                      cstackCOMRAM 0018
SEG8@dat                                         cstackCOMRAM 0019
SEG8@enable                                      cstackCOMRAM 0018
SEG9@dat                                         cstackCOMRAM 0011
SEG9@enable                                      cstackCOMRAM 0010
SOS_Voice@count                                  bssBANK0     008D
SetTouchFreq@tmp                                 cstackCOMRAM 000A
StartUpVoice@cunt                                cstackCOMRAM 002A
StartUpVoice@i                                   bssBANK0     00B3
StartUpVoice@j                                   bssBANK0     00B2
TM1629Init@i                                     cstackCOMRAM 0015
TM1629_Luminance@dat                             cstackCOMRAM 000F
TM1629_WriteByteData@Data                        cstackCOMRAM 000C
TM1629_WriteByteData@i                           cstackCOMRAM 000D
TM1629_WriteCommand@Comm                         cstackCOMRAM 000E
TM1629_WriteDat@InDat                            cstackCOMRAM 000F
TM1629_WriteDat@i                                cstackCOMRAM 0010
TSC_GetLocalKey@ptr                              cstackCOMRAM 000A
TSC_GetLocalKey@ulTKeyOutSingle                  cstackCOMRAM 0011
Time0_Interrupt@ms                               bssBANK0     0095
TimingClosureSet@count                           bssBANK0     0089
TimingClosureSet@lastTiming                      bssBANK0     0087
TouchKeyValue@ret                                cstackCOMRAM 0010
Uart2Send@dat                                    cstackCOMRAM 000A
Uart2SendBuff@dat                                cstackCOMRAM 000B
Uart2SendBuff@i                                  cstackCOMRAM 000F
Uart2SendBuff@len                                cstackCOMRAM 000D
VoiceCtr2@dat                                    cstackCOMRAM 0011
VoiceCtr2@ret                                    cstackCOMRAM 0014
VoiceCtr3@dat                                    cstackCOMRAM 0011
VoiceCtr3@ret                                    cstackCOMRAM 0014
VoiceCtr@dat                                     cstackCOMRAM 0011
VoiceCtr@last                                    bssBANK0     00B5
VoiceCtr@ret                                     cstackCOMRAM 0016
VoiceDrive@Flag                                  cstackCOMRAM 0047
VoiceDrive@key_press                             bssBANK0     00B4
VoiceFilterMesh@count                            bssBANK0     008F
Voice_Half_Hour@Half_Hour                        cstackCOMRAM 0018
Voice_Half_Hour@Voice_Enable                     cstackCOMRAM 0015
Voice_Half_Hour@i                                cstackCOMRAM 0019
Voicedelay@Time                                  cstackCOMRAM 000B
Voicedelay@i                                     cstackCOMRAM 000D
_ADCCKEN                                         (abs)        794A
_ADCHOP0                                         (abs)        78B8
_ADCHOP1                                         (abs)        78B9
_ADCHOP2                                         (abs)        78BA
_ADCHOP3                                         (abs)        78BB
_ADCHS0                                          (abs)        78A2
_ADCHS1                                          (abs)        78A3
_ADCHS2                                          (abs)        78A4
_ADCHS3                                          (abs)        78A5
_ADCHS4                                          (abs)        78A6
_ADCHS5                                          (abs)        78A7
_ADCKDIV0                                        (abs)        7870
_ADCKDIV1                                        (abs)        7871
_ADCKDIV2                                        (abs)        7872
_ADCKDIV3                                        (abs)        7873
_ADCKDIV4                                        (abs)        7874
_ADCKDIV5                                        (abs)        7875
_ADCMP0                                          (abs)        787C
_ADCMP1                                          (abs)        787D
_ADCMP2                                          (abs)        787E
_ADCMP3                                          (abs)        787F
_ADCMPEN                                         (abs)        7878
_ADCMPFM                                         (abs)        7879
_ADCMPO                                          (abs)        787B
_ADCMPOP                                         (abs)        787A
_ADCS0                                           (abs)        7876
_ADCS1                                           (abs)        7877
_ADDLY8                                          (abs)        78B7
_ADDRM                                           (abs)        7B55
_ADETR0                                          (abs)        7A68
_ADETR1                                          (abs)        7A69
_ADETR2                                          (abs)        7A6A
_ADFM                                            (abs)        78BF
_ADGO                                            (abs)        78A1
_ADIE                                            (abs)        7CE9
_ADIF                                            (abs)        7CF1
_ADIP                                            (abs)        7CF9
_ADNREF0                                         (abs)        78AA
_ADNREF1                                         (abs)        78AB
_ADON                                            (abs)        78A0
_ADPREF0                                         (abs)        78A8
_ADPREF1                                         (abs)        78A9
_ADR1F                                           (abs)        7B7D
_ADR1FM                                          (abs)        7B59
_ADR2F                                           (abs)        7B4F
_ADSPEED                                         (abs)        78BE
_ADTRGS0                                         (abs)        78B0
_ADTRGS1                                         (abs)        78B1
_ADTRGS2                                         (abs)        78B2
_ADTRGS3                                         (abs)        78B3
_ADTRGT0                                         (abs)        78B4
_ADTRGT1                                         (abs)        78B5
_ADVREFEN                                        (abs)        78AF
_ADVREFS0                                        (abs)        78AC
_ADVREFS1                                        (abs)        78AD
_AFP14bits                                       (abs)        0F56
_AFP3bits                                        (abs)        0F4B
_AFP8bits                                        (abs)        0F50
_ANACKEN                                         (abs)        7950
_ANSEL0                                          (abs)        0F40
_ATHIE                                           (abs)        7CEF
_ATHIF                                           (abs)        7CF7
_ATHIP                                           (abs)        7CFF
_AlarmSound                                      bssBANK0     007A
_Alarm_Sound                                     text35       43B8
_BDM                                             (abs)        7B3F
_BDOE                                            (abs)        7B3E
_BIAS0                                           (abs)        71B4
_BIAS1                                           (abs)        71B5
_BUSE                                            (abs)        7B7A
_Beep1                                           text130      5DE6
_BeepCtr1                                        text97       5492
_BeepCtr2                                        text140      590A
_BeepEnable                                      text141      5D7C
_BeepInit                                        text138      5F68
_C                                               (abs)        7EC0
_C0IE                                            (abs)        7CEA
_C0IF                                            (abs)        7CF2
_C0IP                                            (abs)        7CFA
_C0OUT                                           (abs)        7907
_C1IE                                            (abs)        7CEB
_C1IF                                            (abs)        7CF3
_C1IP                                            (abs)        7CFB
_C1OUT                                           (abs)        790F
_CCOEN                                           (abs)        7960
_CCOSEL0                                         (abs)        7961
_CCOSEL1                                         (abs)        7962
_CCOSEL2                                         (abs)        7963
_CFGS                                            (abs)        7D36
_CKCON2bits                                      (abs)        0F2C
_CLKO0                                           (abs)        7A45
_CLKO1                                           (abs)        7A46
_CLKSEL0                                         (abs)        71D5
_CLKSEL1                                         (abs)        71D6
_CM0EN                                           (abs)        791F
_CM0NSEL0                                        (abs)        7918
_CM0NSEL1                                        (abs)        7919
_CM0O0                                           (abs)        7A4D
_CM0O1                                           (abs)        7A4E
_CM0OE                                           (abs)        791D
_CM0POL                                          (abs)        791E
_CM0PSEL0                                        (abs)        791A
_CM0PSEL1                                        (abs)        791B
_CM0PSEL2                                        (abs)        791C
_CM1EN                                           (abs)        7927
_CM1NSEL0                                        (abs)        7920
_CM1NSEL1                                        (abs)        7921
_CM1O                                            (abs)        7A4F
_CM1OE                                           (abs)        7925
_CM1POL                                          (abs)        7926
_CM1PSEL0                                        (abs)        7922
_CM1PSEL1                                        (abs)        7923
_CM1PSEL2                                        (abs)        7924
_CMAUSTR                                         (abs)        797A
_CMDEBS                                          (abs)        7917
_CPHA                                            (abs)        7B15
_CPOL                                            (abs)        7B14
_CRCEN                                           (abs)        7B39
_CRCERR                                          (abs)        7B40
_CRCNXT                                          (abs)        7B3A
_CTYPE                                           (abs)        71BC
_CheckSum_Calculate2                             text129      4D6A
_Cmd_Process                                     text128      3BA2
_Cmd_Send                                        text123      24F4
_Concentration_Low_Alarm                         text38       48E0
_DAC1DAT0                                        (abs)        7900
_DAC1DAT1                                        (abs)        7901
_DAC1DAT2                                        (abs)        7902
_DAC1DAT3                                        (abs)        7903
_DAC1DAT4                                        (abs)        7904
_DAC1DAT5                                        (abs)        7905
_DAC1DAT6                                        (abs)        7906
_DAC2DAT0                                        (abs)        7908
_DAC2DAT1                                        (abs)        7909
_DAC2DAT2                                        (abs)        790A
_DAC2DAT3                                        (abs)        790B
_DAC2DAT4                                        (abs)        790C
_DAC2DAT5                                        (abs)        790D
_DAC2DAT6                                        (abs)        790E
_DACEN                                           (abs)        7912
_DACVREF0                                        (abs)        7910
_DACVREF1                                        (abs)        7911
_DADRM                                           (abs)        7B56
_DC                                              (abs)        7EC1
_DEBPR0                                          (abs)        7915
_DEBPR1                                          (abs)        7916
_DIRF                                            (abs)        7B7A
_DISPCLKH                                        (abs)        71B6
_DISPON                                          (abs)        71D4
_DIVERR                                          (abs)        79C2
_DMCKEN                                          (abs)        7952
_DPSEL                                           (abs)        71D3
_DTYSEL0                                         (abs)        7964
_DTYSEL1                                         (abs)        7965
_DUTY                                            (abs)        7B5C
_DUTY0                                           (abs)        71BD
_DUTY1                                           (abs)        71BE
_DataInit                                        text137      472A
_Delay10Us                                       text132      5E5E
_DelayMs                                         text131      5B14
_DisBuf                                          bssBANK0     00BA
_Display                                         text36       0BF4
_Display_Anion                                   text70       5FA6
_Display_Concentration                           text64       37E4
_Display_CumulativeTime                          text113      2716
_Display_FilterMesh                              text58       4E90
_Display_Flow                                    text82       3CC4
_Display_Line                                    text136      5C5A
_Display_SysSta                                  text57       58D0
_Display_Timing                                  text102      1B4E
_Display_Voice                                   text56       5E00
_Display_hour                                    text112      5ED8
_Dval                                            bssBANK2     0284
_E2prom_ReadData                                 text100      2EBE
_E2prom_WriteData                                text98       3936
_EC11_Interrupt                                  text148      5A58
_EC11_Scan                                       text149      5BBE
_EC11_Set_Value                                  text134      5742
_EEADR                                           (abs)        0FA9
_EECON1bits                                      (abs)        0FA6
_EECON2                                          (abs)        0FA7
_EEDATA                                          (abs)        0FA8
_EEIE                                            (abs)        7CE8
_EEIF                                            (abs)        7CF0
_EEIP                                            (abs)        7CF8
_EEPGD                                           (abs)        7D37
_EEPROMread                                      text101      5BE8
_EEPROMwrite                                     text99       50A6
_EPS3bits                                        (abs)        0F5A
_EPSEL0_0                                        (abs)        7AB8
_EPSEL0_1                                        (abs)        7AB9
_EPSEL0_2                                        (abs)        7ABA
_EPSEL1_0                                        (abs)        7ABB
_EPSEL1_1                                        (abs)        7ABC
_EPSEL1_2                                        (abs)        7ABD
_EPSEL2_0                                        (abs)        7AC0
_EPSEL2_1                                        (abs)        7AC1
_EPSEL2_2                                        (abs)        7AC2
_EPSEL3_0                                        (abs)        7AC3
_EPSEL3_1                                        (abs)        7AC4
_EPSEL3_2                                        (abs)        7AC5
_EPSEL4_0                                        (abs)        7AC8
_EPSEL4_1                                        (abs)        7AC9
_EPSEL4_2                                        (abs)        7ACA
_EPSEL5_0                                        (abs)        7ACB
_EPSEL5_1                                        (abs)        7ACC
_EPSEL5_2                                        (abs)        7ACD
_EPSEL6_0                                        (abs)        7AD0
_EPSEL6_1                                        (abs)        7AD1
_EPSEL6_2                                        (abs)        7AD2
_EPSEL7_0                                        (abs)        7AD3
_EPSEL7_1                                        (abs)        7AD4
_EPSEL7_2                                        (abs)        7AD5
_ERR_Code                                        text25       22B8
_EncoderData                                     bssBANK1     017C
_Engineering_Adjust_JYTime                       text88       2932
_Engineering_Adjust_PDTime                       text87       2B4C
_Engineering_Flow_Compensation                   text80       0628
_Engineering_Flow_Compensation_display1          text81       561A
_Engineering_Mode_Api                            text75       5F7E
_Engineering_Pattern                             bssBANK0     0060
_Engineering_Timeout_Logic                       text96       55CC
_Engineering_Voltage_Calibration                 text79       2058
_ErrorCtr                                        text10       126A
_Error_Code_Stack                                bssBANK2     02BE
_FCSEL0                                          (abs)        71C6
_FCSEL1                                          (abs)        71C7
_FREE                                            (abs)        7D34
_FREQDIV0                                        (abs)        71C4
_FREQDIV1                                        (abs)        71C5
_FRMOD                                           (abs)        71BA
_FindTheThirdMax                                 text19       4EEE
_Flow_Data_init                                  text133      5FAA
_GIE                                             (abs)        7F97
_GIEH                                            (abs)        7F97
_GIEL                                            (abs)        7F96
_GPIO_Init                                       text74       5E30
_GetLocalCount                                   text18       5D44
_Get_EC11_Count                                  text135      5D60
_Get_Engineering_KeyValue                        text89       4098
_Get_Key_Demo                                    text22       597E
_Goto_Engineering_Mode                           text76       31F0
_HIRCCALH                                        (abs)        0F26
_HIRCCALL                                        (abs)        0F25
_HIRCM                                           (abs)        795E
_HTS                                             (abs)        793A
_HardDiv                                         text17       4470
_I2CADR1H0                                       (abs)        7B5E
_I2CADR1H1                                       (abs)        7B5F
_I2CADR2L0                                       (abs)        7B48
_I2CADR2L1                                       (abs)        7B49
_I2CADR2L2                                       (abs)        7B4A
_I2CADR2L3                                       (abs)        7B4B
_I2CADR2L4                                       (abs)        7B4C
_I2CADR2L5                                       (abs)        7B4D
_I2CADR2L6                                       (abs)        7B4E
_I2CBUSY                                         (abs)        7B7B
_I2CCKEN                                         (abs)        794C
_I2CEN                                           (abs)        7B50
_I2CIE                                           (abs)        7B58
_I2CIP                                           (abs)        7D11
_I2CRXNEF                                        (abs)        7B79
_I2CTXEF                                         (abs)        7B78
_IDLEN                                           (abs)        795D
_INT0IE                                          (abs)        7F80
_INT0IF                                          (abs)        7F88
_INT0IP                                          (abs)        7D20
_INT1IE                                          (abs)        7F81
_INT1IF                                          (abs)        7F89
_INT1IP                                          (abs)        7D21
_INT2IE                                          (abs)        7F82
_INT2IF                                          (abs)        7F8A
_INT2IP                                          (abs)        7D22
_INT3IE                                          (abs)        7F83
_INT3IF                                          (abs)        7F8B
_INT3IP                                          (abs)        7D23
_INT4IE                                          (abs)        7F84
_INT4IF                                          (abs)        7F8C
_INT4IP                                          (abs)        7D24
_INT5IE                                          (abs)        7F85
_INT5IF                                          (abs)        7F8D
_INT5IP                                          (abs)        7D25
_INT6IE                                          (abs)        7F86
_INT6IF                                          (abs)        7F8E
_INT6IP                                          (abs)        7D26
_INT7IE                                          (abs)        7F87
_INT7IF                                          (abs)        7F8F
_INT7IP                                          (abs)        7D27
_INTCON1                                         (abs)        0FF2
_INTCON1bits                                     (abs)        0FF2
_INTCON2bits                                     (abs)        0FF1
_INTCON3bits                                     (abs)        0FF0
_IOCKEN                                          (abs)        7948
_IPEN                                            (abs)        7CE7
_IPINSW                                          (abs)        78FC
_IPIPSW                                          (abs)        78FE
_IRCF0                                           (abs)        793C
_IRCF1                                           (abs)        793D
_IRCF2                                           (abs)        793E
_IRCF3                                           (abs)        793F
_IRCKEN                                          (abs)        7D6A
_IRData                                          bssBANK1     015F
_IREN                                            (abs)        7D69
_IRKeyDat                                        bssBANK2     0264
_IRSIGN                                          (abs)        7D6B
_IR_IN_DATA                                      text147      1DF2
_IR_KeyReadCtr                                   text12       3516
_IR_Key_Init                                     text73       53EE
_IR_MoreCtr                                      text21       3ED2
_ITYPE1                                          (abs)        0F47
_InterruptHandlerHigh                            intcode      0008
_InterruptHandlerLow                             intcodelo    0018
_KeyDat                                          bssBANK0     006B
_LATA0                                           (abs)        7C48
_LATA1                                           (abs)        7C49
_LATA2                                           (abs)        7C4A
_LATA3                                           (abs)        7C4B
_LATA4                                           (abs)        7C4C
_LATA5                                           (abs)        7C4D
_LATA6                                           (abs)        7C4E
_LATA7                                           (abs)        7C4F
_LATAbits                                        (abs)        0F89
_LATB0                                           (abs)        7C50
_LATB1                                           (abs)        7C51
_LATB2                                           (abs)        7C52
_LATB3                                           (abs)        7C53
_LATB4                                           (abs)        7C54
_LATB5                                           (abs)        7C55
_LATB6                                           (abs)        7C56
_LATB7                                           (abs)        7C57
_LATC0                                           (abs)        7C58
_LATC1                                           (abs)        7C59
_LATC2                                           (abs)        7C5A
_LATC3                                           (abs)        7C5B
_LATC4                                           (abs)        7C5C
_LATC5                                           (abs)        7C5D
_LATC6                                           (abs)        7C5E
_LATC7                                           (abs)        7C5F
_LATCbits                                        (abs)        0F8B
_LATD0                                           (abs)        7C60
_LATD1                                           (abs)        7C61
_LATD2                                           (abs)        7C62
_LATD3                                           (abs)        7C63
_LATD4                                           (abs)        7C64
_LATD5                                           (abs)        7C65
_LATD6                                           (abs)        7C66
_LATD7                                           (abs)        7C67
_LATDbits                                        (abs)        0F8C
_LATE0                                           (abs)        7C68
_LATE1                                           (abs)        7C69
_LATE2                                           (abs)        7C6A
_LATE3                                           (abs)        7C6B
_LATE4                                           (abs)        7C6C
_LATE5                                           (abs)        7C6D
_LATE6                                           (abs)        7C6E
_LATE7                                           (abs)        7C6F
_LATEbits                                        (abs)        0F8D
_LATF0                                           (abs)        7C70
_LATF1                                           (abs)        7C71
_LATF2                                           (abs)        7C72
_LATF3                                           (abs)        7C73
_LATF4                                           (abs)        7C74
_LATF5                                           (abs)        7C75
_LATFbits                                        (abs)        0F8E
_LCDCKEN                                         (abs)        7949
_LCDIE                                           (abs)        7CEE
_LCDIF                                           (abs)        7CF6
_LCDIP                                           (abs)        7CFE
_LCDVOL0                                         (abs)        71C0
_LCDVOL1                                         (abs)        71C1
_LCDVOL2                                         (abs)        71C2
_LCDVOL3                                         (abs)        71C3
_LEBCH0                                          (abs)        78E4
_LEBCH1                                          (abs)        78E5
_LEBCH2                                          (abs)        78E6
_LEBCKEN                                         (abs)        7951
_LEBEDGS0                                        (abs)        78E0
_LEBEDGS1                                        (abs)        78E1
_LEBEN                                           (abs)        78E7
_LEBMSK0                                         (abs)        78E8
_LEBMSK1                                         (abs)        78E9
_LEBMSK2                                         (abs)        78EA
_LEBMSK3                                         (abs)        78EB
_LEBMSK4                                         (abs)        78EC
_LEBMSK5                                         (abs)        78ED
_LEBMSK6                                         (abs)        78EE
_LEBTIM8                                         (abs)        78E3
_LEDCNUM0                                        (abs)        71D0
_LEDCNUM1                                        (abs)        71D1
_LEDCNUM2                                        (abs)        71D2
_LFMOD                                           (abs)        7958
_LPPM                                            (abs)        795F
_LPRDY                                           (abs)        786B
_LSBFIRST                                        (abs)        7B38
_LTS                                             (abs)        7939
_LVDCKS0                                         (abs)        7976
_LVDCKS1                                         (abs)        7977
_LVDCON0                                         (abs)        0F2E
_LVDCON1                                         (abs)        0F2F
_LVDDEB                                          (abs)        7975
_LVDEN                                           (abs)        7974
_LVDHYSEN                                        (abs)        797E
_LVDIE                                           (abs)        7CEC
_LVDIF                                           (abs)        7CF4
_LVDIP                                           (abs)        7CFC
_LVDL0                                           (abs)        7970
_LVDL1                                           (abs)        7971
_LVDL2                                           (abs)        7972
_LVDL3                                           (abs)        7973
_LVDM0                                           (abs)        797B
_LVDM1                                           (abs)        797C
_LVDP                                            (abs)        797D
_LVDRS0                                          (abs)        796C
_LVDRS1                                          (abs)        796D
_LVDRS2                                          (abs)        796E
_LVDW                                            (abs)        796B
_LVD_INITIAL                                     text45       5E74
_LVRF                                            (abs)        7CE0
_LVRHYSEN                                        (abs)        797F
_Label_AddUp                                     text122      5F00
_Label_CloseAlarm                                text78       5D26
_Label_Concentration                             text69       5E9C
_Label_Flow                                      text86       5EC4
_Label_L_min                                     text85       5EB0
_Label_Min                                       text111      5DCC
_Label_Percent                                   text68       5E88
_Label_Running                                   text110      5DB2
_Label_Timing                                    text109      5D98
_Label_h                                         text121      5EEC
_MASTER                                          (abs)        7B51
_MDBUSY                                          (abs)        79C0
_MDCKEN                                          (abs)        7953
_MDCON0                                          (abs)        0F38
_MDIVS0                                          (abs)        0F36
_MDIVS1                                          (abs)        0F37
_MDMOD                                           (abs)        79C1
_MDRES0                                          (abs)        0F32
_MDRES1                                          (abs)        0F33
_MDRES2                                          (abs)        0F34
_MDRES3                                          (abs)        0F35
_MISOPO0                                         (abs)        7A42
_MISOPO1                                         (abs)        7A43
_MISOPO2                                         (abs)        7A44
_MODF                                            (abs)        7B45
_MOSIPO0                                         (abs)        7A40
_MOSIPO1                                         (abs)        7A41
_MOSIPO2                                         (abs)        7A42
_MSTEN                                           (abs)        7B16
_MULOV                                           (abs)        79C3
_N                                               (abs)        7EC4
_NACK                                            (abs)        7B5D
_NACKF                                           (abs)        7B7C
_NSSM0                                           (abs)        7B0A
_NSSM1                                           (abs)        7B0B
_NSSPO0                                          (abs)        7A56
_NSSPO1                                          (abs)        7A57
_NSSVAL                                          (abs)        7B12
_Nop1629                                         text63       5F14
_ODCONA0                                         (abs)        7080
_ODCONA1                                         (abs)        7081
_ODCONA2                                         (abs)        7082
_ODCONA3                                         (abs)        7083
_ODCONA4                                         (abs)        7084
_ODCONA5                                         (abs)        7085
_ODCONA6                                         (abs)        7086
_ODCONA7                                         (abs)        7087
_ODCONB0                                         (abs)        7088
_ODCONB1                                         (abs)        7089
_ODCONB2                                         (abs)        708A
_ODCONB3                                         (abs)        708B
_ODCONB4                                         (abs)        708C
_ODCONB5                                         (abs)        708D
_ODCONB6                                         (abs)        708E
_ODCONB7                                         (abs)        708F
_ODCONC0                                         (abs)        7090
_ODCONC1                                         (abs)        7091
_ODCONC2                                         (abs)        7092
_ODCONC3                                         (abs)        7093
_ODCONC4                                         (abs)        7094
_ODCONC5                                         (abs)        7095
_ODCONC6                                         (abs)        7096
_ODCONC7                                         (abs)        7097
_ODCOND0                                         (abs)        7098
_ODCOND1                                         (abs)        7099
_ODCOND2                                         (abs)        709A
_ODCOND3                                         (abs)        709B
_ODCOND4                                         (abs)        709C
_ODCOND5                                         (abs)        709D
_ODCOND6                                         (abs)        709E
_ODCOND7                                         (abs)        709F
_ODCONE0                                         (abs)        70A0
_ODCONE1                                         (abs)        70A1
_ODCONE2                                         (abs)        70A2
_ODCONE3                                         (abs)        70A3
_ODCONE4                                         (abs)        70A4
_ODCONE5                                         (abs)        70A5
_ODCONE6                                         (abs)        70A6
_ODCONE7                                         (abs)        70A7
_ODCONF0                                         (abs)        70A8
_ODCONF1                                         (abs)        70A9
_ODCONF2                                         (abs)        70AA
_ODCONF3                                         (abs)        70AB
_ODCONF4                                         (abs)        70AC
_ODCONF5                                         (abs)        70AD
_OP0FR0                                          (abs)        78F1
_OP0FR1                                          (abs)        78F2
_OP0FR2                                          (abs)        78F3
[...]
 This function calls:
		Nothing
 This function is called by:
		Interrupt level 1
 This function uses a non-reentrant model


 *************** function _InterruptHandlerHigh *****************
 Defined at:
		line 141 in file "main.c"
 Parameters:    Size  Location     Type
		None
 Auto vars:     Size  Location     Type
		None
 Return value:  Size  Location     Type
                  1    wreg      void 
 Registers used:
		wreg, fsr2l, fsr2h, status,2, status,0, cstack
 Tracked objects:
		On entry : 
		On exit  : 
		Unchanged: 
 Data sizes:     COMRAM   BANK0   BANK1   BANK2   BANK3   BANK4   BANK5   BANK6   BANK7
      Params:         0       0       0       0       0       0       0       0       0
      Locals:         0       0       0       0       0       0       0       0       0
      Temps:          2       0       0       0       0       0       0       0       0
      Totals:         2       0       0       0       0       0       0       0       0
Total ram usage:        2 bytes
 Hardware stack levels used:    1
 Hardware stack levels required when called:    2
 This function calls:
		_EC11_Interrupt
		_IR_IN_DATA
		_Time0_Interrupt
		_UART2_Interrupt
 This function is called by:
		Interrupt level 2
 This function uses a non-reentrant model


 *************** function _UART2_Interrupt *****************
 Defined at:
		line 100 in file "uart2.c"
 Parameters:    Size  Location     Type
		None
 Auto vars:     Size  Location     Type
		None
 Return value:  Size  Location     Type
                  1    wreg      void 
 Registers used:
		wreg, fsr2l, fsr2h, status,2, status,0
 Tracked objects:
		On entry : 
		On exit  : 
		Unchanged: 
 Data sizes:     COMRAM   BANK0   BANK1   BANK2   BANK3   BANK4   BANK5   BANK6   BANK7
      Params:         0       0       0       0       0       0       0       0       0
      Locals:         0       0       0       0       0       0       0       0       0
      Temps:          0       0       0       0       0       0       0       0       0
      Totals:         0       0       0       0       0       0       0       0       0
Total ram usage:        0 bytes
 Hardware stack levels used:    1
 This function calls:
		Nothing
 This function is called by:
		_InterruptHandlerHigh
 This function uses a non-reentrant model


 *************** function _Time0_Interrupt *****************
 Defined at:
		line 40 in file "main.c"
 Parameters:    Size  Location     Type
		None
 Auto vars:     Size  Location     Type
		None
 Return value:  Size  Location     Type
                  1    wreg      void 
 Registers used:
		wreg, status,2, status,0, cstack
 Tracked objects:
		On entry : 
		On exit  : 
		Unchanged: 
 Data sizes:     COMRAM   BANK0   BANK1   BANK2   BANK3   BANK4   BANK5   BANK6   BANK7
      Params:         0       0       0       0       0       0       0       0       0
      Locals:         0       0       0       0       0       0       0       0       0
      Temps:          0       0       0       0       0       0       0       0       0
      Totals:         0       0       0       0       0       0       0       0       0
Total ram usage:        0 bytes
 Hardware stack levels used:    1
 Hardware stack levels required when called:    1
 This function calls:
		_usart2_receive_wait
 This function is called by:
		_InterruptHandlerHigh
 This function uses a non-reentrant model


 *************** function _usart2_receive_wait *****************
 Defined at:
		line 122 in file "uart2.c"
 Parameters:    Size  Location     Type
		None
 Auto vars:     Size  Location     Type
		None
 Return value:  Size  Location     Type
                  1    wreg      void 
 Registers used:
		wreg, status,2, status,0
 Tracked objects:
		On entry : 
		On exit  : 
		Unchanged: 
 Data sizes:     COMRAM   BANK0   BANK1   BANK2   BANK3   BANK4   BANK5   BANK6   BANK7
      Params:         0       0       0       0       0       0       0       0       0
      Locals:         0       0       0       0       0       0       0       0       0
      Temps:          0       0       0       0       0       0       0       0       0
      Totals:         0       0       0       0       0       0       0       0       0
Total ram usage:        0 bytes
 Hardware stack levels used:    1
 This function calls:
		Nothing
 This function is called by:
		_Time0_Interrupt
 This function uses a non-reentrant model


 *************** function _IR_IN_DATA *****************
 Defined at:
		line 61 in file "irkey.c"
 Parameters:    Size  Location     Type
		None
 Auto vars:     Size  Location     Type
		None
 Return value:  Size  Location     Type
                  1    wreg      void 
 Registers used:
		wreg, status,2, status,0
 Tracked objects:
		On entry : 
		On exit  : 
		Unchanged: 
 Data sizes:     COMRAM   BANK0   BANK1   BANK2   BANK3   BANK4   BANK5   BANK6   BANK7
      Params:         0       0       0       0       0       0       0       0       0
      Locals:         0       0       0       0       0       0       0       0       0
      Temps:          6       0       0       0       0       0       0       0       0
      Totals:         6       0       0       0       0       0       0       0       0
Total ram usage:        6 bytes
 Hardware stack levels used:    1
 This function calls:
		Nothing
 This function is called by:
		_InterruptHandlerHigh
 This function uses a non-reentrant model


 *************** function _EC11_Interrupt *****************
 Defined at:
		line 28 in file "encoder.c"
 Parameters:    Size  Location     Type
		None
 Auto vars:     Size  Location     Type
		None
 Return value:  Size  Location     Type
                  1    wreg      void 
 Registers used:
		wreg, status,2, status,0, cstack
 Tracked objects:
		On entry : 
		On exit  : 
		Unchanged: 
 Data sizes:     COMRAM   BANK0   BANK1   BANK2   BANK3   BANK4   BANK5   BANK6   BANK7
      Params:         0       0       0       0       0       0       0       0       0
      Locals:         0       0       0       0       0       0       0       0       0
      Temps:          0       0       0       0       0       0       0       0       0
      Totals:         0       0       0       0       0       0       0       0       0
Total ram usage:        0 bytes
 Hardware stack levels used:    1
 Hardware stack levels required when called:    1
 This function calls:
		_EC11_Scan
 This function is called by:
		_InterruptHandlerHigh
 This function uses a non-reentrant model


 *************** function _EC11_Scan *****************
 Defined at:
		line 45 in file "encoder.c"
 Parameters:    Size  Location     Type
		None
 Auto vars:     Size  Location     Type
  i               1    0        unsigned char 
 Return value:  Size  Location     Type
                  1    wreg      void 
 Registers used:
		wreg, status,2, status,0
 Tracked objects:
		On entry : 
		On exit  : 
		Unchanged: 
 Data sizes:     COMRAM   BANK0   BANK1   BANK2   BANK3   BANK4   BANK5   BANK6   BANK7
      Params:         0       0       0       0       0       0       0       0       0
      Locals:         1       0       0       0       0       0       0       0       0
      Temps:          0       0       0       0       0       0       0       0       0
      Totals:         1       0       0       0       0       0       0       0       0
Total ram usage:        1 bytes
 Hardware stack levels used:    1
 This function calls:
		Nothing
 This function is called by:
		_EC11_Interrupt
 This function uses a non-reentrant model



MODULE INFORMATION

Module		Function		Class		Link	Load	Size
C:\Program Files (x86)\CCompiler\Compiler\datav2.10\pic\sources\c90\common\sprintf.c
		_sprintf       		CODE           	5A24	0000	53

C:\Program Files (x86)\CCompiler\Compiler\datav2.10\pic\sources\c90\common\sprintf.c estimated size: 53

setsysdata.c
		_Goto_Engineering_Mode		CODE           	31F0	0000	405
		_Engineering_Mode_Api		CODE           	5F7E	0000	11
		_Beep1         		CODE           	5DE6	0000	27
		_Engineering_Flow_Compensation		CODE           	0628	0000	1485
		_Engineering_Adjust_PDTime		CODE           	2B4C	0000	447
		_Engineering_Voltage_Calibration		CODE           	2058	0000	609
		_Engineering_Adjust_JYTime		CODE           	2932	0000	539
		_Engineering_Timeout_Logic		CODE           	55CC	0000	79
		_Flow_Data_init		CODE           	5FAA	0000	3

setsysdata.c estimated size: 3605

irkey.c
		_IR_MoreCtr    		CODE           	3ED2	0000	249
		_IR_Key_Init   		CODE           	53EE	0000	83
		_IR_KeyReadCtr 		CODE           	3516	0000	361
		_Get_Engineering_KeyValue		CODE           	4098	0000	207
		_IR_IN_DATA    		CODE           	1DF2	0000	615

irkey.c estimated size: 1515

C:\Program Files (x86)\CCompiler\Compiler\datav2.10\pic\sources\c90\common\aldiv.c
		___aldiv       		CODE           	4166	0000	205

C:\Program Files (x86)\CCompiler\Compiler\datav2.10\pic\sources\c90\common\aldiv.c estimated size: 205

C:\Program Files (x86)\CCompiler\Compiler\datav2.10\pic\sources\c90\common\doprnt.c
		__doprnt       		CODE           	1866	0000	745

C:\Program Files (x86)\CCompiler\Compiler\datav2.10\pic\sources\c90\common\doprnt.c estimated size: 745

touch.h
		_TSC_GetLocalKey		CODE           	4232	0000	201
		_TSC_DataProcessing		CODE           	5CE6	0000	33
		_TK_CAP_DISCHARGE		CODE           	5F8E	0000	7
		_EEPROMread    		CODE           	5BE8	0000	41
		_TIM2_INITIAL  		CODE           	5F5A	0000	15
		_HardDiv       		CODE           	4470	0000	183
		_TSC_INITIAL   		CODE           	3058	0000	409
		_LVD_INITIAL   		CODE           	5E74	0000	21
		_GetLocalCount 		CODE           	5D44	0000	29
		_TSC_GetCsKey  		CODE           	5F94	0000	7
		_FindTheThirdMax		CODE           	4EEE	0000	93
		_TSC_Start     		CODE           	002A	0000	1535
		_EEPROMwrite   		CODE           	50A6	0000	85
		_ReadCap       		CODE           	3A70	0000	307
		_SetTouchFreq  		CODE           	5A8C	0000	47

touch.h estimated size: 3013

GPIO_Init.c
		_GPIO_Init     		CODE           	5E30	0000	25

GPIO_Init.c estimated size: 25

voice.c
		_dat_low       		CODE           	5F9A	0000	5
		_dat_high      		CODE           	5F9E	0000	5
		_Voice_Half_Hour		CODE           	4A6C	0000	119
		_VoiceDrive    		CODE           	0F42	0000	809
		_SOS_Voice     		CODE           	5666	0000	75
		_Alarm_Sound   		CODE           	43B8	0000	185
		_VoiceCtr      		CODE           	5896	0000	59
		_VoiceCtr2     		CODE           	5ABA	0000	47
		_VoiceCtr3     		CODE           	5C10	0000	39
		_VoiceFilterMesh		CODE           	485A	0000	135
		_Voice_Init    		CODE           	5F4A	0000	17
		_StartUpVoice  		CODE           	367E	0000	359
		_PlaySound     		CODE           	4AE2	0000	119
		_Concentration_Low_Alarm		CODE           	48E0	0000	135

voice.c estimated size: 2108

uart2.c
		_putch         		CODE           	5F26	0000	19
		_UART2_Interrupt		CODE           	5944	0000	59
		_Cmd_Send      		CODE           	24F4	0000	547
		_Uart2Send     		CODE           	5F38	0000	19
		_Uart2SendBuff 		CODE           	59EE	0000	55
		_usart2_receive_wait		CODE           	5B94	0000	43
		_uart2_Init    		CODE           	5856	0000	65
		_Cmd_Process   		CODE           	3BA2	0000	291
		_CheckSum_Calculate2		CODE           	4D6A	0000	103

uart2.c estimated size: 1201

beep.c
		_BeepEnable    		CODE           	5D7C	0000	29
		_BeepInit      		CODE           	5F68	0000	13
		_BeepCtr1      		CODE           	5492	0000	81
		_BeepCtr2      		CODE           	590A	0000	59
		_PWM_Init      		CODE           	5050	0000	87

beep.c estimated size: 269

eeprom.c
		_E2prom_WriteData		CODE           	3936	0000	315
		_E2prom_ReadData		CODE           	2EBE	0000	411

eeprom.c estimated size: 726

C:\Program Files (x86)\CCompiler\Compiler\datav2.10\pic\sources\c90\common\float.c
		___ftpack      		CODE           	4526	0000	175

C:\Program Files (x86)\CCompiler\Compiler\datav2.10\pic\sources\c90\common\float.c estimated size: 175

C:\Program Files (x86)\CCompiler\Compiler\datav2.10\pic\sources\c90\common\__lldiv.c
		___lldiv       		CODE           	49EA	0000	131

C:\Program Files (x86)\CCompiler\Compiler\datav2.10\pic\sources\c90\common\__lldiv.c estimated size: 131

C:\Program Files (x86)\CCompiler\Compiler\datav2.10\pic\sources\c90\common\lwmod.c
		___lwmod       		CODE           	5814	0000	67

C:\Program Files (x86)\CCompiler\Compiler\datav2.10\pic\sources\c90\common\lwmod.c estimated size: 67

C:\Program Files (x86)\CCompiler\Compiler\datav2.10\pic\sources\c90\common\awmod.c
		___awmod       		CODE           	4BC8	0000	113

C:\Program Files (x86)\CCompiler\Compiler\datav2.10\pic\sources\c90\common\awmod.c estimated size: 113

tm1629b.c
		_Nop1629       		CODE           	5F14	0000	19
		_TM1629_Luminance		CODE           	47C4	0000	151
		_TM1629_WriteByteData		CODE           	578A	0000	71
		_Update_Display		CODE           	5F74	0000	11
		_TM1629_WriteDat		CODE           	56FA	0000	73
		_TM1629_WriteCommand		CODE           	5E18	0000	25
		_TM1629Init    		CODE           	4FFA	0000	87

tm1629b.c estimated size: 437

C:\Program Files (x86)\CCompiler\Compiler\datav2.10\pic\sources\c90\common\llmod.c
		___llmod       		CODE           	4D04	0000	103

C:\Program Files (x86)\CCompiler\Compiler\datav2.10\pic\sources\c90\common\llmod.c estimated size: 103

control.c
		_ErrorCtr      		CODE           	126A	0000	787
		_control       		CODE           	3FCA	0000	207
		_deleteElementAt		CODE           	42FA	0000	191
		_isElementInStack		CODE           	4DD0	0000	99
		_isEmpty       		CODE           	5CC4	0000	35
		_findElementIndex		CODE           	4E32	0000	95
		_isFull        		CODE           	5CA2	0000	35
		_TimingClosureSet		CODE           	157C	0000	747
		_push          		CODE           	4C38	0000	103
		_ERR_Code      		CODE           	22B8	0000	573
		_initialize    		CODE           	5E48	0000	23
		_Display       		CODE           	0BF4	0000	847
		_peek          		CODE           	56B0	0000	75

control.c estimated size: 3817

shared
		_ucActiveSensorDeltaArray		MEDIUMCONST    	7F59	0000	5
		_ucBL_SLOW_UP_SPEED		MEDIUMCONST    	0000	0000	0
		_ucTKdata_Size 		MEDIUMCONST    	0000	0000	0
		_stTouchIoMapArray		MEDIUMCONST    	7EA1	0000	139
		_ucBL_SLOW_DOWN_SPEED		MEDIUMCONST    	0000	0000	0
		_ucBL_CATCHUP_UP_SPEED		MEDIUMCONST    	0000	0000	0
		_ucKEY_NUMBER_MAX		MEDIUMCONST    	0000	0000	0
		_ch_table      		MEDIUMCONST    	7F2B	0000	25
		_ucCS_FILTER   		MEDIUMCONST    	7F72	0000	2
		_ucBL_SLOW_DIFF_COEFF		MEDIUMCONST    	0000	0000	0
		_dpowers       		MEDIUMCONST    	7F43	0000	11
		_ucMULTIPLE    		MEDIUMCONST    	0000	0000	0
		_ucBL_CATCHUP_DIFF_COEFF		MEDIUMCONST    	0000	0000	0
		_ucInActiveSensorDeltaArray		MEDIUMCONST    	7F55	0000	5
		_ucLOCAL_FILTER_SAMPLES		MEDIUMCONST    	0000	0000	0
		_ucFREQ_CHARGER_H		MEDIUMCONST    	7F62	0000	2
		_ucFREQ_CHARGER_L		MEDIUMCONST    	7F63	0000	2
		__initialization		CODE           	4B58	0000	99
		_ucBL_CATCHUP_DOWN_SPEED		MEDIUMCONST    	0000	0000	0
		_RES_CONFIG    		MEDIUMCONST    	0000	0000	0
		_ucCS_OFF_FACTOR		MEDIUMCONST    	7F6F	0000	2
		_ucFREQ_CHANGER_NUMBER_MIN		MEDIUMCONST    	0000	0000	0
		_ucRESONANCE_DATA_FILTER		MEDIUMCONST    	0000	0000	0
		_hexpowers     		MEDIUMCONST    	7F4D	0000	9
		_ucKeyIndexMapArray		MEDIUMCONST    	7F5D	0000	5
		_ucCS_FILTER_SAMPLES		MEDIUMCONST    	7F71	0000	2
		_ucCS_ON_FACTOR		MEDIUMCONST    	7F70	0000	2
		_ucLOCAL_FILTER		MEDIUMCONST    	0000	0000	0
		_ucMEANTIME_MAX_KEY_NUM		MEDIUMCONST    	7F64	0000	2

shared estimated size: 312

C:\Program Files (x86)\CCompiler\Compiler\datav2.10\pic\sources\c90\common\printf.c
		_printf        		CODE           	5B6A	0000	43

C:\Program Files (x86)\CCompiler\Compiler\datav2.10\pic\sources\c90\common\printf.c estimated size: 43

display.c
		_SEG5          		CODE           	524A	0000	85
		_Display_SysSta		CODE           	58D0	0000	59
		_Display_Timing		CODE           	1B4E	0000	677
		_Label_Min     		CODE           	5DCC	0000	27
		_SEG11         		CODE           	557E	0000	79
		_SEG6          		CODE           	51F6	0000	85
		_SEG7          		CODE           	51A2	0000	85
		_Label_Flow    		CODE           	5EC4	0000	21
		_SEG12         		CODE           	5530	0000	79
		_Label_Percent 		CODE           	5E88	0000	21
		_SEG8          		CODE           	514E	0000	85
		_Display_FilterMesh		CODE           	4E90	0000	95
		_Label_CloseAlarm		CODE           	5D26	0000	31
		_SEG9          		CODE           	50FA	0000	85
		_Label_L_min   		CODE           	5EB0	0000	21
		_SEG13         		CODE           	4F4A	0000	89
		_Display_Concentration		CODE           	37E4	0000	339
		_Display_CumulativeTime		CODE           	2716	0000	541
		_Label_Concentration		CODE           	5E9C	0000	21
		_SEG14         		CODE           	54E2	0000	79
		_Engineering_Flow_Compensation_display1		CODE           	561A	0000	77
		_Label_h       		CODE           	5EEC	0000	21
		_Label_Running 		CODE           	5DB2	0000	27
		_SEG1          		CODE           	539A	0000	85
		_SEG2          		CODE           	5346	0000	85
		_Label_AddUp   		CODE           	5F00	0000	21
		_SEG3          		CODE           	52F2	0000	85
		_Display_Line  		CODE           	5C5A	0000	37
		_Display_Flow  		CODE           	3CC4	0000	273
		_Display_hour  		CODE           	5ED8	0000	21
		_Display_Voice 		CODE           	5E00	0000	25
		_Display_Anion 		CODE           	5FA6	0000	3
		_SEG10         		CODE           	4FA2	0000	89
		_SEG4          		CODE           	529E	0000	85
		_Label_Timing  		CODE           	5D98	0000	27

display.c estimated size: 3565

encoder.c
		_EC11_Interrupt		CODE           	5A58	0000	53
		_Get_EC11_Count		CODE           	5D60	0000	29
		_EC11_Set_Value		CODE           	5742	0000	73
		_EC11_Scan     		CODE           	5BBE	0000	43
		_encoder_Init  		CODE           	5AE8	0000	45

encoder.c estimated size: 243

C:\Program Files (x86)\CCompiler\Compiler\datav2.10\pic\sources\c90\common\strcmp.c
		_strcmp        		CODE           	57D0	0000	69

C:\Program Files (x86)\CCompiler\Compiler\datav2.10\pic\sources\c90\common\strcmp.c estimated size: 69

C:\Program Files (x86)\CCompiler\Compiler\datav2.10\pic\sources\c90\common\awtoft.c
		___awtoft      		CODE           	59B6	0000	57

C:\Program Files (x86)\CCompiler\Compiler\datav2.10\pic\sources\c90\common\awtoft.c estimated size: 57

touchkey.c
		_TouchKeyValue 		CODE           	3DD4	0000	255
		_key_scan      		CODE           	4680	0000	171

touchkey.c estimated size: 426

C:\Program Files (x86)\CCompiler\Compiler\datav2.10\pic\sources\c90\common\almod.c
		___almod       		CODE           	45D4	0000	173

C:\Program Files (x86)\CCompiler\Compiler\datav2.10\pic\sources\c90\common\almod.c estimated size: 173

C:\Program Files (x86)\CCompiler\Compiler\datav2.10\pic\sources\c90\common\lwdiv.c
		___lwdiv       		CODE           	5440	0000	83

C:\Program Files (x86)\CCompiler\Compiler\datav2.10\pic\sources\c90\common\lwdiv.c estimated size: 83

C:\Program Files (x86)\CCompiler\Compiler\datav2.10\pic\sources\c90\common\awdiv.c
		___awdiv       		CODE           	4966	0000	133

C:\Program Files (x86)\CCompiler\Compiler\datav2.10\pic\sources\c90\common\awdiv.c estimated size: 133

main.c
		_Get_Key_Demo  		CODE           	597E	0000	57
		_TIM0_INITIAL  		CODE           	5C36	0000	37
		_main          		CODE           	3384	0000	403
		_Time0_Interrupt		CODE           	2D0A	0000	437
		_DelayMs       		CODE           	5B14	0000	45
		_POWER_INITIAL 		CODE           	4C9E	0000	103
		_SleepProcess  		CODE           	5FA8	0000	3
		_Delay10Us     		CODE           	5E5E	0000	23
		_Voicedelay    		CODE           	5D06	0000	33
		_InterruptHandlerLow		CODE           	0018	0000	15
		_InterruptHandlerHigh		CODE           	0008	0000	43
		_DataInit      		CODE           	472A	0000	155
		_TSC_Scan      		CODE           	5F88	0000	7

main.c estimated size: 1361

C:\Program Files (x86)\CCompiler\Compiler\datav2.10\pic\sources\c90\common\lbmod.c
		___lbmod       		CODE           	5B40	0000	43

C:\Program Files (x86)\CCompiler\Compiler\datav2.10\pic\sources\c90\common\lbmod.c estimated size: 43

